// Jest Snapshot v1, https://goo.gl/fbAQLP

exports[`Es hora de las intantaneas Snapshot 1`] = `
Object {
  "gender": "Male",
  "id": 1,
  "name": "Rick Sanches",
  "species": "Human",
  "status": "Alive",
}
`;


exports[`Es hora de las intantaneas snapshot con id que cambia 1`] = `
Object {
  "id": Any<Number>,
  "name": "Michael",
}
`;
